Analysis & Synthesis report for CNN2FPGAVHDL
Thu Jan 04 16:48:06 2024
Quartus Prime Version 20.1.1 Build 720 11/11/2020 SJ Lite Edition


---------------------
; Table of Contents ;
---------------------
  1. Legal Notice
  2. Analysis & Synthesis Summary
  3. Analysis & Synthesis Settings
  4. Parallel Compilation
  5. Analysis & Synthesis Source Files Read
  6. Analysis & Synthesis Resource Usage Summary
  7. Analysis & Synthesis Resource Utilization by Entity
  8. Analysis & Synthesis DSP Block Usage Summary
  9. User-Specified and Inferred Latches
 10. General Register Statistics
 11. Parameter Settings for User Entity Instance: Top-level Entity: |CNN2FPGAVHDL
 12. Parameter Settings for User Entity Instance: convolutional_unit:u_CONV
 13. Parameter Settings for Inferred Entity Instance: convolutional_unit:u_CONV|lpm_mult:Mult0
 14. lpm_mult Parameter Settings by Entity Instance
 15. Post-Synthesis Netlist Statistics for Top Partition
 16. Elapsed Time Per Partition
 17. Analysis & Synthesis Messages



----------------
; Legal Notice ;
----------------
Copyright (C) 2020  Intel Corporation. All rights reserved.
Your use of Intel Corporation's design tools, logic functions 
and other software and tools, and any partner logic 
functions, and any output files from any of the foregoing 
(including device programming or simulation files), and any 
associated documentation or information are expressly subject 
to the terms and conditions of the Intel Program License 
Subscription Agreement, the Intel Quartus Prime License Agreement,
the Intel FPGA IP License Agreement, or other applicable license
agreement, including, without limitation, that your use is for
the sole purpose of programming logic devices manufactured by
Intel and sold by Intel or its authorized distributors.  Please
refer to the applicable agreement for further details, at
https://fpgasoftware.intel.com/eula.



+----------------------------------------------------------------------------------+
; Analysis & Synthesis Summary                                                     ;
+------------------------------------+---------------------------------------------+
; Analysis & Synthesis Status        ; Successful - Thu Jan 04 16:48:06 2024       ;
; Quartus Prime Version              ; 20.1.1 Build 720 11/11/2020 SJ Lite Edition ;
; Revision Name                      ; CNN2FPGAVHDL                                ;
; Top-level Entity Name              ; CNN2FPGAVHDL                                ;
; Family                             ; MAX 10                                      ;
; Total logic elements               ; 64                                          ;
;     Total combinational functions  ; 64                                          ;
;     Dedicated logic registers      ; 0                                           ;
; Total registers                    ; 0                                           ;
; Total pins                         ; 83                                          ;
; Total virtual pins                 ; 0                                           ;
; Total memory bits                  ; 0                                           ;
; Embedded Multiplier 9-bit elements ; 1                                           ;
; Total PLLs                         ; 0                                           ;
; UFM blocks                         ; 0                                           ;
; ADC blocks                         ; 0                                           ;
+------------------------------------+---------------------------------------------+


+------------------------------------------------------------------------------------------------------------+
; Analysis & Synthesis Settings                                                                              ;
+------------------------------------------------------------------+--------------------+--------------------+
; Option                                                           ; Setting            ; Default Value      ;
+------------------------------------------------------------------+--------------------+--------------------+
; Device                                                           ; 10M08DAF484C8G     ;                    ;
; Top-level entity name                                            ; CNN2FPGAVHDL       ; CNN2FPGAVHDL       ;
; Family name                                                      ; MAX 10             ; Cyclone V          ;
; Use smart compilation                                            ; Off                ; Off                ;
; Enable parallel Assembler and Timing Analyzer during compilation ; On                 ; On                 ;
; Enable compact report table                                      ; Off                ; Off                ;
; Restructure Multiplexers                                         ; Auto               ; Auto               ;
; Create Debugging Nodes for IP Cores                              ; Off                ; Off                ;
; Preserve fewer node names                                        ; On                 ; On                 ;
; Intel FPGA IP Evaluation Mode                                    ; Enable             ; Enable             ;
; Verilog Version                                                  ; Verilog_2001       ; Verilog_2001       ;
; VHDL Version                                                     ; VHDL_1993          ; VHDL_1993          ;
; State Machine Processing                                         ; Auto               ; Auto               ;
; Safe State Machine                                               ; Off                ; Off                ;
; Extract Verilog State Machines                                   ; On                 ; On                 ;
; Extract VHDL State Machines                                      ; On                 ; On                 ;
; Ignore Verilog initial constructs                                ; Off                ; Off                ;
; Iteration limit for constant Verilog loops                       ; 5000               ; 5000               ;
; Iteration limit for non-constant Verilog loops                   ; 250                ; 250                ;
; Add Pass-Through Logic to Inferred RAMs                          ; On                 ; On                 ;
; Infer RAMs from Raw Logic                                        ; On                 ; On                 ;
; Parallel Synthesis                                               ; On                 ; On                 ;
; DSP Block Balancing                                              ; Auto               ; Auto               ;
; NOT Gate Push-Back                                               ; On                 ; On                 ;
; Power-Up Don't Care                                              ; On                 ; On                 ;
; Remove Redundant Logic Cells                                     ; Off                ; Off                ;
; Remove Duplicate Registers                                       ; On                 ; On                 ;
; Ignore CARRY Buffers                                             ; Off                ; Off                ;
; Ignore CASCADE Buffers                                           ; Off                ; Off                ;
; Ignore GLOBAL Buffers                                            ; Off                ; Off                ;
; Ignore ROW GLOBAL Buffers                                        ; Off                ; Off                ;
; Ignore LCELL Buffers                                             ; Off                ; Off                ;
; Ignore SOFT Buffers                                              ; On                 ; On                 ;
; Limit AHDL Integers to 32 Bits                                   ; Off                ; Off                ;
; Optimization Technique                                           ; Balanced           ; Balanced           ;
; Carry Chain Length                                               ; 70                 ; 70                 ;
; Auto Carry Chains                                                ; On                 ; On                 ;
; Auto Open-Drain Pins                                             ; On                 ; On                 ;
; Perform WYSIWYG Primitive Resynthesis                            ; Off                ; Off                ;
; Auto ROM Replacement                                             ; On                 ; On                 ;
; Auto RAM Replacement                                             ; On                 ; On                 ;
; Auto DSP Block Replacement                                       ; On                 ; On                 ;
; Auto Shift Register Replacement                                  ; Auto               ; Auto               ;
; Allow Shift Register Merging across Hierarchies                  ; Auto               ; Auto               ;
; Auto Clock Enable Replacement                                    ; On                 ; On                 ;
; Strict RAM Replacement                                           ; Off                ; Off                ;
; Allow Synchronous Control Signals                                ; On                 ; On                 ;
; Force Use of Synchronous Clear Signals                           ; Off                ; Off                ;
; Auto RAM Block Balancing                                         ; On                 ; On                 ;
; Auto RAM to Logic Cell Conversion                                ; Off                ; Off                ;
; Auto Resource Sharing                                            ; Off                ; Off                ;
; Allow Any RAM Size For Recognition                               ; Off                ; Off                ;
; Allow Any ROM Size For Recognition                               ; Off                ; Off                ;
; Allow Any Shift Register Size For Recognition                    ; Off                ; Off                ;
; Use LogicLock Constraints during Resource Balancing              ; On                 ; On                 ;
; Ignore translate_off and synthesis_off directives                ; Off                ; Off                ;
; Timing-Driven Synthesis                                          ; On                 ; On                 ;
; Report Parameter Settings                                        ; On                 ; On                 ;
; Report Source Assignments                                        ; On                 ; On                 ;
; Report Connectivity Checks                                       ; On                 ; On                 ;
; Ignore Maximum Fan-Out Assignments                               ; Off                ; Off                ;
; Synchronization Register Chain Length                            ; 2                  ; 2                  ;
; Power Optimization During Synthesis                              ; Normal compilation ; Normal compilation ;
; HDL message level                                                ; Level2             ; Level2             ;
; Suppress Register Optimization Related Messages                  ; Off                ; Off                ;
; Number of Removed Registers Reported in Synthesis Report         ; 5000               ; 5000               ;
; Number of Swept Nodes Reported in Synthesis Report               ; 5000               ; 5000               ;
; Number of Inverted Registers Reported in Synthesis Report        ; 100                ; 100                ;
; Clock MUX Protection                                             ; On                 ; On                 ;
; Auto Gated Clock Conversion                                      ; Off                ; Off                ;
; Block Design Naming                                              ; Auto               ; Auto               ;
; SDC constraint protection                                        ; Off                ; Off                ;
; Synthesis Effort                                                 ; Auto               ; Auto               ;
; Shift Register Replacement - Allow Asynchronous Clear Signal     ; On                 ; On                 ;
; Pre-Mapping Resynthesis Optimization                             ; Off                ; Off                ;
; Analysis & Synthesis Message Level                               ; Medium             ; Medium             ;
; Disable Register Merging Across Hierarchies                      ; Auto               ; Auto               ;
; Resource Aware Inference For Block RAM                           ; On                 ; On                 ;
+------------------------------------------------------------------+--------------------+--------------------+


+------------------------------------------+
; Parallel Compilation                     ;
+----------------------------+-------------+
; Processors                 ; Number      ;
+----------------------------+-------------+
; Number detected on machine ; 12          ;
; Maximum allowed            ; 12          ;
;                            ;             ;
; Average used               ; 1.00        ;
; Maximum used               ; 1           ;
;                            ;             ;
; Usage by Processor         ; % Time Used ;
;     Processor 1            ; 100.0%      ;
+----------------------------+-------------+


+----------------------------------------------------------------------------------------------------------------------------------------------------------------------+
; Analysis & Synthesis Source Files Read                                                                                                                               ;
+----------------------------------+-----------------+------------------------------+------------------------------------------------------------------------+---------+
; File Name with User-Entered Path ; Used in Netlist ; File Type                    ; File Name with Absolute Path                                           ; Library ;
+----------------------------------+-----------------+------------------------------+------------------------------------------------------------------------+---------+
; convolutional_unit.vhd           ; yes             ; User VHDL File               ; C:/Users/jhzro/OneDrive/Documentos/CNN2FPGAVHDL/convolutional_unit.vhd ;         ;
; CNN2FPGAVHDL.vhd                 ; yes             ; User VHDL File               ; C:/Users/jhzro/OneDrive/Documentos/CNN2FPGAVHDL/CNN2FPGAVHDL.vhd       ;         ;
; lpm_mult.tdf                     ; yes             ; Megafunction                 ; c:/intelfpga_lite/20.1/quartus/libraries/megafunctions/lpm_mult.tdf    ;         ;
; aglobal201.inc                   ; yes             ; Megafunction                 ; c:/intelfpga_lite/20.1/quartus/libraries/megafunctions/aglobal201.inc  ;         ;
; lpm_add_sub.inc                  ; yes             ; Megafunction                 ; c:/intelfpga_lite/20.1/quartus/libraries/megafunctions/lpm_add_sub.inc ;         ;
; multcore.inc                     ; yes             ; Megafunction                 ; c:/intelfpga_lite/20.1/quartus/libraries/megafunctions/multcore.inc    ;         ;
; bypassff.inc                     ; yes             ; Megafunction                 ; c:/intelfpga_lite/20.1/quartus/libraries/megafunctions/bypassff.inc    ;         ;
; altshift.inc                     ; yes             ; Megafunction                 ; c:/intelfpga_lite/20.1/quartus/libraries/megafunctions/altshift.inc    ;         ;
; db/mult_tds.tdf                  ; yes             ; Auto-Generated Megafunction  ; C:/Users/jhzro/OneDrive/Documentos/CNN2FPGAVHDL/db/mult_tds.tdf        ;         ;
+----------------------------------+-----------------+------------------------------+------------------------------------------------------------------------+---------+


+-------------------------------------------------------------------------------------------------------------------------+
; Analysis & Synthesis Resource Usage Summary                                                                             ;
+---------------------------------------------+---------------------------------------------------------------------------+
; Resource                                    ; Usage                                                                     ;
+---------------------------------------------+---------------------------------------------------------------------------+
; Estimated Total logic elements              ; 64                                                                        ;
;                                             ;                                                                           ;
; Total combinational functions               ; 64                                                                        ;
; Logic element usage by number of LUT inputs ;                                                                           ;
;     -- 4 input functions                    ; 32                                                                        ;
;     -- 3 input functions                    ; 31                                                                        ;
;     -- <=2 input functions                  ; 1                                                                         ;
;                                             ;                                                                           ;
; Logic elements by mode                      ;                                                                           ;
;     -- normal mode                          ; 33                                                                        ;
;     -- arithmetic mode                      ; 31                                                                        ;
;                                             ;                                                                           ;
; Total registers                             ; 0                                                                         ;
;     -- Dedicated logic registers            ; 0                                                                         ;
;     -- I/O registers                        ; 0                                                                         ;
;                                             ;                                                                           ;
; I/O pins                                    ; 83                                                                        ;
;                                             ;                                                                           ;
; Embedded Multiplier 9-bit elements          ; 1                                                                         ;
;                                             ;                                                                           ;
; Maximum fan-out node                        ; convolutional_unit:u_CONV|lpm_mult:Mult0|mult_tds:auto_generated|mac_out2 ;
; Maximum fan-out                             ; 32                                                                        ;
; Total fan-out                               ; 355                                                                       ;
; Average fan-out                             ; 1.53                                                                      ;
+---------------------------------------------+---------------------------------------------------------------------------+


+--------------------------------------------------------------------------------------------------------------------------------------------------------------------------------------------------------------------------------------------------------------------------------------------------------------+
; Analysis & Synthesis Resource Utilization by Entity                                                                                                                                                                                                                                                          ;
+------------------------------------+---------------------+---------------------------+-------------+------------+--------------+---------+-----------+------+--------------+------------+--------------------------------------------------------------------------------+--------------------+--------------+
; Compilation Hierarchy Node         ; Combinational ALUTs ; Dedicated Logic Registers ; Memory Bits ; UFM Blocks ; DSP Elements ; DSP 9x9 ; DSP 18x18 ; Pins ; Virtual Pins ; ADC blocks ; Full Hierarchy Name                                                            ; Entity Name        ; Library Name ;
+------------------------------------+---------------------+---------------------------+-------------+------------+--------------+---------+-----------+------+--------------+------------+--------------------------------------------------------------------------------+--------------------+--------------+
; |CNN2FPGAVHDL                      ; 64 (0)              ; 0 (0)                     ; 0           ; 0          ; 1            ; 1       ; 0         ; 83   ; 0            ; 0          ; |CNN2FPGAVHDL                                                                  ; CNN2FPGAVHDL       ; work         ;
;    |convolutional_unit:u_CONV|     ; 64 (64)             ; 0 (0)                     ; 0           ; 0          ; 1            ; 1       ; 0         ; 0    ; 0            ; 0          ; |CNN2FPGAVHDL|convolutional_unit:u_CONV                                        ; convolutional_unit ; work         ;
;       |lpm_mult:Mult0|             ; 0 (0)               ; 0 (0)                     ; 0           ; 0          ; 1            ; 1       ; 0         ; 0    ; 0            ; 0          ; |CNN2FPGAVHDL|convolutional_unit:u_CONV|lpm_mult:Mult0                         ; lpm_mult           ; work         ;
;          |mult_tds:auto_generated| ; 0 (0)               ; 0 (0)                     ; 0           ; 0          ; 1            ; 1       ; 0         ; 0    ; 0            ; 0          ; |CNN2FPGAVHDL|convolutional_unit:u_CONV|lpm_mult:Mult0|mult_tds:auto_generated ; mult_tds           ; work         ;
+------------------------------------+---------------------+---------------------------+-------------+------------+--------------+---------+-----------+------+--------------+------------+--------------------------------------------------------------------------------+--------------------+--------------+
Note: For table entries with two numbers listed, the numbers in parentheses indicate the number of resources of the given type used by the specific entity alone. The numbers listed outside of parentheses indicate the total resources of the given type used by the specific entity and all of its sub-entities in the hierarchy.


+-----------------------------------------------------+
; Analysis & Synthesis DSP Block Usage Summary        ;
+---------------------------------------+-------------+
; Statistic                             ; Number Used ;
+---------------------------------------+-------------+
; Simple Multipliers (9-bit)            ; 1           ;
; Simple Multipliers (18-bit)           ; 0           ;
; Embedded Multiplier Blocks            ; --          ;
; Embedded Multiplier 9-bit elements    ; 1           ;
; Signed Embedded Multipliers           ; 1           ;
; Unsigned Embedded Multipliers         ; 0           ;
; Mixed Sign Embedded Multipliers       ; 0           ;
; Variable Sign Embedded Multipliers    ; 0           ;
; Dedicated Input Shift Register Chains ; 0           ;
+---------------------------------------+-------------+
Note: number of Embedded Multiplier Blocks used is only available after a successful fit.


+----------------------------------------------------------------------------------------------------+
; User-Specified and Inferred Latches                                                                ;
+-----------------------------------------------------+---------------------+------------------------+
; Latch Name                                          ; Latch Enable Signal ; Free of Timing Hazards ;
+-----------------------------------------------------+---------------------+------------------------+
; convolutional_unit:u_CONV|o_VALUE[0]                ; i_ENA               ; yes                    ;
; convolutional_unit:u_CONV|o_VALUE[1]                ; i_ENA               ; yes                    ;
; convolutional_unit:u_CONV|o_VALUE[2]                ; i_ENA               ; yes                    ;
; convolutional_unit:u_CONV|o_VALUE[3]                ; i_ENA               ; yes                    ;
; convolutional_unit:u_CONV|o_VALUE[4]                ; i_ENA               ; yes                    ;
; convolutional_unit:u_CONV|o_VALUE[5]                ; i_ENA               ; yes                    ;
; convolutional_unit:u_CONV|o_VALUE[6]                ; i_ENA               ; yes                    ;
; convolutional_unit:u_CONV|o_VALUE[7]                ; i_ENA               ; yes                    ;
; convolutional_unit:u_CONV|o_VALUE[8]                ; i_ENA               ; yes                    ;
; convolutional_unit:u_CONV|o_VALUE[9]                ; i_ENA               ; yes                    ;
; convolutional_unit:u_CONV|o_VALUE[10]               ; i_ENA               ; yes                    ;
; convolutional_unit:u_CONV|o_VALUE[11]               ; i_ENA               ; yes                    ;
; convolutional_unit:u_CONV|o_VALUE[12]               ; i_ENA               ; yes                    ;
; convolutional_unit:u_CONV|o_VALUE[13]               ; i_ENA               ; yes                    ;
; convolutional_unit:u_CONV|o_VALUE[14]               ; i_ENA               ; yes                    ;
; convolutional_unit:u_CONV|o_VALUE[15]               ; i_ENA               ; yes                    ;
; convolutional_unit:u_CONV|o_VALUE[16]               ; i_ENA               ; yes                    ;
; convolutional_unit:u_CONV|o_VALUE[17]               ; i_ENA               ; yes                    ;
; convolutional_unit:u_CONV|o_VALUE[18]               ; i_ENA               ; yes                    ;
; convolutional_unit:u_CONV|o_VALUE[19]               ; i_ENA               ; yes                    ;
; convolutional_unit:u_CONV|o_VALUE[20]               ; i_ENA               ; yes                    ;
; convolutional_unit:u_CONV|o_VALUE[21]               ; i_ENA               ; yes                    ;
; convolutional_unit:u_CONV|o_VALUE[22]               ; i_ENA               ; yes                    ;
; convolutional_unit:u_CONV|o_VALUE[23]               ; i_ENA               ; yes                    ;
; convolutional_unit:u_CONV|o_VALUE[24]               ; i_ENA               ; yes                    ;
; convolutional_unit:u_CONV|o_VALUE[25]               ; i_ENA               ; yes                    ;
; convolutional_unit:u_CONV|o_VALUE[26]               ; i_ENA               ; yes                    ;
; convolutional_unit:u_CONV|o_VALUE[27]               ; i_ENA               ; yes                    ;
; convolutional_unit:u_CONV|o_VALUE[28]               ; i_ENA               ; yes                    ;
; convolutional_unit:u_CONV|o_VALUE[29]               ; i_ENA               ; yes                    ;
; convolutional_unit:u_CONV|o_VALUE[30]               ; i_ENA               ; yes                    ;
; convolutional_unit:u_CONV|o_VALUE[31]               ; i_ENA               ; yes                    ;
; Number of user-specified and inferred latches = 32  ;                     ;                        ;
+-----------------------------------------------------+---------------------+------------------------+
Note: All latches listed above may not be present at the end of synthesis due to various synthesis optimizations.


+------------------------------------------------------+
; General Register Statistics                          ;
+----------------------------------------------+-------+
; Statistic                                    ; Value ;
+----------------------------------------------+-------+
; Total registers                              ; 0     ;
; Number of registers using Synchronous Clear  ; 0     ;
; Number of registers using Synchronous Load   ; 0     ;
; Number of registers using Asynchronous Clear ; 0     ;
; Number of registers using Asynchronous Load  ; 0     ;
; Number of registers using Clock Enable       ; 0     ;
; Number of registers using Preset             ; 0     ;
+----------------------------------------------+-------+


+------------------------------------------------------------------------------+
; Parameter Settings for User Entity Instance: Top-level Entity: |CNN2FPGAVHDL ;
+----------------+-------+-----------------------------------------------------+
; Parameter Name ; Value ; Type                                                ;
+----------------+-------+-----------------------------------------------------+
; p_QT_BITS      ; 8     ; Signed Integer                                      ;
+----------------+-------+-----------------------------------------------------+
Note: In order to hide this table in the UI and the text report file, please set the "Show Parameter Settings in Synthesis Report" option in "Analysis and Synthesis Settings -> More Settings" to "Off".


+------------------------------------------------------------------------+
; Parameter Settings for User Entity Instance: convolutional_unit:u_CONV ;
+----------------+-------+-----------------------------------------------+
; Parameter Name ; Value ; Type                                          ;
+----------------+-------+-----------------------------------------------+
; p_qt_bits      ; 8     ; Signed Integer                                ;
+----------------+-------+-----------------------------------------------+
Note: In order to hide this table in the UI and the text report file, please set the "Show Parameter Settings in Synthesis Report" option in "Analysis and Synthesis Settings -> More Settings" to "Off".


+-------------------------------------------------------------------------------------------+
; Parameter Settings for Inferred Entity Instance: convolutional_unit:u_CONV|lpm_mult:Mult0 ;
+------------------------------------------------+----------+-------------------------------+
; Parameter Name                                 ; Value    ; Type                          ;
+------------------------------------------------+----------+-------------------------------+
; AUTO_CARRY_CHAINS                              ; ON       ; AUTO_CARRY                    ;
; IGNORE_CARRY_BUFFERS                           ; OFF      ; IGNORE_CARRY                  ;
; AUTO_CASCADE_CHAINS                            ; ON       ; AUTO_CASCADE                  ;
; IGNORE_CASCADE_BUFFERS                         ; OFF      ; IGNORE_CASCADE                ;
; LPM_WIDTHA                                     ; 8        ; Untyped                       ;
; LPM_WIDTHB                                     ; 8        ; Untyped                       ;
; LPM_WIDTHP                                     ; 16       ; Untyped                       ;
; LPM_WIDTHR                                     ; 16       ; Untyped                       ;
; LPM_WIDTHS                                     ; 1        ; Untyped                       ;
; LPM_REPRESENTATION                             ; SIGNED   ; Untyped                       ;
; LPM_PIPELINE                                   ; 0        ; Untyped                       ;
; LATENCY                                        ; 0        ; Untyped                       ;
; INPUT_A_IS_CONSTANT                            ; NO       ; Untyped                       ;
; INPUT_B_IS_CONSTANT                            ; NO       ; Untyped                       ;
; USE_EAB                                        ; OFF      ; Untyped                       ;
; MAXIMIZE_SPEED                                 ; 5        ; Untyped                       ;
; DEVICE_FAMILY                                  ; MAX 10   ; Untyped                       ;
; CARRY_CHAIN                                    ; MANUAL   ; Untyped                       ;
; APEX20K_TECHNOLOGY_MAPPER                      ; LUT      ; TECH_MAPPER_APEX20K           ;
; DEDICATED_MULTIPLIER_CIRCUITRY                 ; AUTO     ; Untyped                       ;
; DEDICATED_MULTIPLIER_MIN_INPUT_WIDTH_FOR_AUTO  ; 0        ; Untyped                       ;
; DEDICATED_MULTIPLIER_MIN_OUTPUT_WIDTH_FOR_AUTO ; 0        ; Untyped                       ;
; CBXI_PARAMETER                                 ; mult_tds ; Untyped                       ;
; INPUT_A_FIXED_VALUE                            ; Bx       ; Untyped                       ;
; INPUT_B_FIXED_VALUE                            ; Bx       ; Untyped                       ;
; USE_AHDL_IMPLEMENTATION                        ; OFF      ; Untyped                       ;
+------------------------------------------------+----------+-------------------------------+
Note: In order to hide this table in the UI and the text report file, please set the "Show Parameter Settings in Synthesis Report" option in "Analysis and Synthesis Settings -> More Settings" to "Off".


+----------------------------------------------------------------------------------+
; lpm_mult Parameter Settings by Entity Instance                                   ;
+---------------------------------------+------------------------------------------+
; Name                                  ; Value                                    ;
+---------------------------------------+------------------------------------------+
; Number of entity instances            ; 1                                        ;
; Entity Instance                       ; convolutional_unit:u_CONV|lpm_mult:Mult0 ;
;     -- LPM_WIDTHA                     ; 8                                        ;
;     -- LPM_WIDTHB                     ; 8                                        ;
;     -- LPM_WIDTHP                     ; 16                                       ;
;     -- LPM_REPRESENTATION             ; SIGNED                                   ;
;     -- INPUT_A_IS_CONSTANT            ; NO                                       ;
;     -- INPUT_B_IS_CONSTANT            ; NO                                       ;
;     -- USE_EAB                        ; OFF                                      ;
;     -- DEDICATED_MULTIPLIER_CIRCUITRY ; AUTO                                     ;
;     -- INPUT_A_FIXED_VALUE            ; Bx                                       ;
;     -- INPUT_B_FIXED_VALUE            ; Bx                                       ;
+---------------------------------------+------------------------------------------+


+-----------------------------------------------------+
; Post-Synthesis Netlist Statistics for Top Partition ;
+-----------------------+-----------------------------+
; Type                  ; Count                       ;
+-----------------------+-----------------------------+
; boundary_port         ; 83                          ;
; cycloneiii_lcell_comb ; 64                          ;
;     arith             ; 31                          ;
;         3 data inputs ; 31                          ;
;     normal            ; 33                          ;
;         2 data inputs ; 1                           ;
;         4 data inputs ; 32                          ;
; cycloneiii_mac_mult   ; 1                           ;
; cycloneiii_mac_out    ; 1                           ;
;                       ;                             ;
; Max LUT depth         ; 5.10                        ;
; Average LUT depth     ; 2.88                        ;
+-----------------------+-----------------------------+


+-------------------------------+
; Elapsed Time Per Partition    ;
+----------------+--------------+
; Partition Name ; Elapsed Time ;
+----------------+--------------+
; Top            ; 00:00:00     ;
+----------------+--------------+


+-------------------------------+
; Analysis & Synthesis Messages ;
+-------------------------------+
Info: *******************************************************************
Info: Running Quartus Prime Analysis & Synthesis
    Info: Version 20.1.1 Build 720 11/11/2020 SJ Lite Edition
    Info: Processing started: Thu Jan 04 16:47:58 2024
Info: Command: quartus_map --read_settings_files=on --write_settings_files=off CNN2FPGAVHDL -c CNN2FPGAVHDL
Warning (18236): Number of processors has not been specified which may cause overloading on shared machines.  Set the global assignment NUM_PARALLEL_PROCESSORS in your QSF to an appropriate value for best performance.
Info (20030): Parallel compilation is enabled and will use 12 of the 12 processors detected
Info (12021): Found 2 design units, including 1 entities, in source file convolutional_unit.vhd
    Info (12022): Found design unit 1: convolutional_unit-convolutional_unit_a File: C:/Users/jhzro/OneDrive/Documentos/CNN2FPGAVHDL/convolutional_unit.vhd Line: 17
    Info (12023): Found entity 1: convolutional_unit File: C:/Users/jhzro/OneDrive/Documentos/CNN2FPGAVHDL/convolutional_unit.vhd Line: 5
Info (12021): Found 2 design units, including 1 entities, in source file cnn2fpgavhdl.vhd
    Info (12022): Found design unit 1: CNN2FPGAVHDL-arch File: C:/Users/jhzro/OneDrive/Documentos/CNN2FPGAVHDL/CNN2FPGAVHDL.vhd Line: 19
    Info (12023): Found entity 1: CNN2FPGAVHDL File: C:/Users/jhzro/OneDrive/Documentos/CNN2FPGAVHDL/CNN2FPGAVHDL.vhd Line: 6
Info (12021): Found 2 design units, including 1 entities, in source file convolutional_element.vhd
    Info (12022): Found design unit 1: convolutional_element-arch File: C:/Users/jhzro/OneDrive/Documentos/CNN2FPGAVHDL/convolutional_element.vhd Line: 18
    Info (12023): Found entity 1: convolutional_element File: C:/Users/jhzro/OneDrive/Documentos/CNN2FPGAVHDL/convolutional_element.vhd Line: 5
Info (12127): Elaborating entity "CNN2FPGAVHDL" for the top level hierarchy
Info (12128): Elaborating entity "convolutional_unit" for hierarchy "convolutional_unit:u_CONV" File: C:/Users/jhzro/OneDrive/Documentos/CNN2FPGAVHDL/CNN2FPGAVHDL.vhd Line: 21
Warning (10492): VHDL Process Statement warning at convolutional_unit.vhd(25): signal "i_VALUE" is read inside the Process Statement but isn't in the Process Statement's sensitivity list File: C:/Users/jhzro/OneDrive/Documentos/CNN2FPGAVHDL/convolutional_unit.vhd Line: 25
Warning (10492): VHDL Process Statement warning at convolutional_unit.vhd(25): signal "i_DATA" is read inside the Process Statement but isn't in the Process Statement's sensitivity list File: C:/Users/jhzro/OneDrive/Documentos/CNN2FPGAVHDL/convolutional_unit.vhd Line: 25
Warning (10492): VHDL Process Statement warning at convolutional_unit.vhd(25): signal "i_KERNEL" is read inside the Process Statement but isn't in the Process Statement's sensitivity list File: C:/Users/jhzro/OneDrive/Documentos/CNN2FPGAVHDL/convolutional_unit.vhd Line: 25
Warning (10631): VHDL Process Statement warning at convolutional_unit.vhd(19): inferring latch(es) for signal or variable "o_VALUE", which holds its previous value in one or more paths through the process File: C:/Users/jhzro/OneDrive/Documentos/CNN2FPGAVHDL/convolutional_unit.vhd Line: 19
Info (10041): Inferred latch for "o_VALUE[0]" at convolutional_unit.vhd(19) File: C:/Users/jhzro/OneDrive/Documentos/CNN2FPGAVHDL/convolutional_unit.vhd Line: 19
Info (10041): Inferred latch for "o_VALUE[1]" at convolutional_unit.vhd(19) File: C:/Users/jhzro/OneDrive/Documentos/CNN2FPGAVHDL/convolutional_unit.vhd Line: 19
Info (10041): Inferred latch for "o_VALUE[2]" at convolutional_unit.vhd(19) File: C:/Users/jhzro/OneDrive/Documentos/CNN2FPGAVHDL/convolutional_unit.vhd Line: 19
Info (10041): Inferred latch for "o_VALUE[3]" at convolutional_unit.vhd(19) File: C:/Users/jhzro/OneDrive/Documentos/CNN2FPGAVHDL/convolutional_unit.vhd Line: 19
Info (10041): Inferred latch for "o_VALUE[4]" at convolutional_unit.vhd(19) File: C:/Users/jhzro/OneDrive/Documentos/CNN2FPGAVHDL/convolutional_unit.vhd Line: 19
Info (10041): Inferred latch for "o_VALUE[5]" at convolutional_unit.vhd(19) File: C:/Users/jhzro/OneDrive/Documentos/CNN2FPGAVHDL/convolutional_unit.vhd Line: 19
Info (10041): Inferred latch for "o_VALUE[6]" at convolutional_unit.vhd(19) File: C:/Users/jhzro/OneDrive/Documentos/CNN2FPGAVHDL/convolutional_unit.vhd Line: 19
Info (10041): Inferred latch for "o_VALUE[7]" at convolutional_unit.vhd(19) File: C:/Users/jhzro/OneDrive/Documentos/CNN2FPGAVHDL/convolutional_unit.vhd Line: 19
Info (10041): Inferred latch for "o_VALUE[8]" at convolutional_unit.vhd(19) File: C:/Users/jhzro/OneDrive/Documentos/CNN2FPGAVHDL/convolutional_unit.vhd Line: 19
Info (10041): Inferred latch for "o_VALUE[9]" at convolutional_unit.vhd(19) File: C:/Users/jhzro/OneDrive/Documentos/CNN2FPGAVHDL/convolutional_unit.vhd Line: 19
Info (10041): Inferred latch for "o_VALUE[10]" at convolutional_unit.vhd(19) File: C:/Users/jhzro/OneDrive/Documentos/CNN2FPGAVHDL/convolutional_unit.vhd Line: 19
Info (10041): Inferred latch for "o_VALUE[11]" at convolutional_unit.vhd(19) File: C:/Users/jhzro/OneDrive/Documentos/CNN2FPGAVHDL/convolutional_unit.vhd Line: 19
Info (10041): Inferred latch for "o_VALUE[12]" at convolutional_unit.vhd(19) File: C:/Users/jhzro/OneDrive/Documentos/CNN2FPGAVHDL/convolutional_unit.vhd Line: 19
Info (10041): Inferred latch for "o_VALUE[13]" at convolutional_unit.vhd(19) File: C:/Users/jhzro/OneDrive/Documentos/CNN2FPGAVHDL/convolutional_unit.vhd Line: 19
Info (10041): Inferred latch for "o_VALUE[14]" at convolutional_unit.vhd(19) File: C:/Users/jhzro/OneDrive/Documentos/CNN2FPGAVHDL/convolutional_unit.vhd Line: 19
Info (10041): Inferred latch for "o_VALUE[15]" at convolutional_unit.vhd(19) File: C:/Users/jhzro/OneDrive/Documentos/CNN2FPGAVHDL/convolutional_unit.vhd Line: 19
Info (10041): Inferred latch for "o_VALUE[16]" at convolutional_unit.vhd(19) File: C:/Users/jhzro/OneDrive/Documentos/CNN2FPGAVHDL/convolutional_unit.vhd Line: 19
Info (10041): Inferred latch for "o_VALUE[17]" at convolutional_unit.vhd(19) File: C:/Users/jhzro/OneDrive/Documentos/CNN2FPGAVHDL/convolutional_unit.vhd Line: 19
Info (10041): Inferred latch for "o_VALUE[18]" at convolutional_unit.vhd(19) File: C:/Users/jhzro/OneDrive/Documentos/CNN2FPGAVHDL/convolutional_unit.vhd Line: 19
Info (10041): Inferred latch for "o_VALUE[19]" at convolutional_unit.vhd(19) File: C:/Users/jhzro/OneDrive/Documentos/CNN2FPGAVHDL/convolutional_unit.vhd Line: 19
Info (10041): Inferred latch for "o_VALUE[20]" at convolutional_unit.vhd(19) File: C:/Users/jhzro/OneDrive/Documentos/CNN2FPGAVHDL/convolutional_unit.vhd Line: 19
Info (10041): Inferred latch for "o_VALUE[21]" at convolutional_unit.vhd(19) File: C:/Users/jhzro/OneDrive/Documentos/CNN2FPGAVHDL/convolutional_unit.vhd Line: 19
Info (10041): Inferred latch for "o_VALUE[22]" at convolutional_unit.vhd(19) File: C:/Users/jhzro/OneDrive/Documentos/CNN2FPGAVHDL/convolutional_unit.vhd Line: 19
Info (10041): Inferred latch for "o_VALUE[23]" at convolutional_unit.vhd(19) File: C:/Users/jhzro/OneDrive/Documentos/CNN2FPGAVHDL/convolutional_unit.vhd Line: 19
Info (10041): Inferred latch for "o_VALUE[24]" at convolutional_unit.vhd(19) File: C:/Users/jhzro/OneDrive/Documentos/CNN2FPGAVHDL/convolutional_unit.vhd Line: 19
Info (10041): Inferred latch for "o_VALUE[25]" at convolutional_unit.vhd(19) File: C:/Users/jhzro/OneDrive/Documentos/CNN2FPGAVHDL/convolutional_unit.vhd Line: 19
Info (10041): Inferred latch for "o_VALUE[26]" at convolutional_unit.vhd(19) File: C:/Users/jhzro/OneDrive/Documentos/CNN2FPGAVHDL/convolutional_unit.vhd Line: 19
Info (10041): Inferred latch for "o_VALUE[27]" at convolutional_unit.vhd(19) File: C:/Users/jhzro/OneDrive/Documentos/CNN2FPGAVHDL/convolutional_unit.vhd Line: 19
Info (10041): Inferred latch for "o_VALUE[28]" at convolutional_unit.vhd(19) File: C:/Users/jhzro/OneDrive/Documentos/CNN2FPGAVHDL/convolutional_unit.vhd Line: 19
Info (10041): Inferred latch for "o_VALUE[29]" at convolutional_unit.vhd(19) File: C:/Users/jhzro/OneDrive/Documentos/CNN2FPGAVHDL/convolutional_unit.vhd Line: 19
Info (10041): Inferred latch for "o_VALUE[30]" at convolutional_unit.vhd(19) File: C:/Users/jhzro/OneDrive/Documentos/CNN2FPGAVHDL/convolutional_unit.vhd Line: 19
Info (10041): Inferred latch for "o_VALUE[31]" at convolutional_unit.vhd(19) File: C:/Users/jhzro/OneDrive/Documentos/CNN2FPGAVHDL/convolutional_unit.vhd Line: 19
Info (278001): Inferred 1 megafunctions from design logic
    Info (278003): Inferred multiplier megafunction ("lpm_mult") from the following logic: "convolutional_unit:u_CONV|Mult0" File: C:/Users/jhzro/OneDrive/Documentos/CNN2FPGAVHDL/convolutional_unit.vhd Line: 25
Info (12130): Elaborated megafunction instantiation "convolutional_unit:u_CONV|lpm_mult:Mult0" File: C:/Users/jhzro/OneDrive/Documentos/CNN2FPGAVHDL/convolutional_unit.vhd Line: 25
Info (12133): Instantiated megafunction "convolutional_unit:u_CONV|lpm_mult:Mult0" with the following parameter: File: C:/Users/jhzro/OneDrive/Documentos/CNN2FPGAVHDL/convolutional_unit.vhd Line: 25
    Info (12134): Parameter "LPM_WIDTHA" = "8"
    Info (12134): Parameter "LPM_WIDTHB" = "8"
    Info (12134): Parameter "LPM_WIDTHP" = "16"
    Info (12134): Parameter "LPM_WIDTHR" = "16"
    Info (12134): Parameter "LPM_WIDTHS" = "1"
    Info (12134): Parameter "LPM_REPRESENTATION" = "SIGNED"
    Info (12134): Parameter "INPUT_A_IS_CONSTANT" = "NO"
    Info (12134): Parameter "INPUT_B_IS_CONSTANT" = "NO"
    Info (12134): Parameter "MAXIMIZE_SPEED" = "5"
Info (12021): Found 1 design units, including 1 entities, in source file db/mult_tds.tdf
    Info (12023): Found entity 1: mult_tds File: C:/Users/jhzro/OneDrive/Documentos/CNN2FPGAVHDL/db/mult_tds.tdf Line: 29
Info (286030): Timing-Driven Synthesis is running
Info (16010): Generating hard_block partition "hard_block:auto_generated_inst"
    Info (16011): Adding 0 node(s), including 0 DDIO, 0 PLL, 0 transceiver and 0 LCELL
Warning (21074): Design contains 1 input pin(s) that do not drive logic
    Warning (15610): No output dependent on input pin "i_CLKn" File: C:/Users/jhzro/OneDrive/Documentos/CNN2FPGAVHDL/CNN2FPGAVHDL.vhd Line: 13
Info (21057): Implemented 148 device resources after synthesis - the final resource count might be different
    Info (21058): Implemented 51 input pins
    Info (21059): Implemented 32 output pins
    Info (21061): Implemented 64 logic cells
    Info (21062): Implemented 1 DSP elements
Info: Quartus Prime Analysis & Synthesis was successful. 0 errors, 7 warnings
    Info: Peak virtual memory: 4798 megabytes
    Info: Processing ended: Thu Jan 04 16:48:06 2024
    Info: Elapsed time: 00:00:08
    Info: Total CPU time (on all processors): 00:00:15


